  0: 00..DS_Store
  1: 013.The.Queens.Gambit.S01E01.mkv
  2: 023.The.Queens.Gambit.S01E02.mkv
  3: 033.The.Queens.Gambit.S01E03.mkv
  4: 043.The.Queens.Gambit.S01E04.mkv
  5: 053.The.Queens.Gambit.S01E05.mkv
  6: 063.The.Queens.Gambit.S01E06.mkv
  7: 073.The.Queens.Gambit.S01E07.mkv